// Jest Snapshot v1, https://goo.gl/fbAQLP

exports[`Feed Feed.jsx should render Feed.jsx 1`] = `ShallowWrapper {}`;

exports[`Feed Login actions Should call the \`getFeed\` action with error 1`] = `
Array [
  Object {
    "payload": true,
    "type": "TOOGLE_LOADING",
  },
  Object {
    "payload": false,
    "type": "TOOGLE_LOADING",
  },
]
`;

exports[`Feed Login actions Should call the \`getFeed\` action with success 1`] = `
Array [
  Object {
    "payload": true,
    "type": "TOOGLE_LOADING",
  },
  Object {
    "payload": false,
    "type": "TOOGLE_LOADING",
  },
]
`;
